// Jest Snapshot v1, https://goo.gl/fbAQLP

exports[`aura as adapter parseAssetsForAction actions lendAndStake happy path: TOKEN_IN_FOR_EXACT_BPT_OUT: aura 1`] = `1153911`;

exports[`aura as adapter parseAssetsForAction actions stake happy path: aura 1`] = `894212`;

exports[`aura as adapter parseAssetsForAction actions takeOrder happy path: one swap: aura 1`] = `381441`;

exports[`aura as adapter parseAssetsForAction actions takeOrder nested composable stable pool lend happy path: with staking: aura 1`] = `1127191`;

exports[`aura as adapter parseAssetsForAction actions takeOrder nested composable stable pool lend happy path: without staking: aura 1`] = `508342`;

exports[`aura as adapter parseAssetsForAction actions takeOrder nested composable stable pool redeem happy path: with staking: aura 1`] = `1179040`;

exports[`aura as adapter parseAssetsForAction actions takeOrder nested composable stable pool redeem happy path: without staking: aura 1`] = `472291`;

exports[`aura as adapter parseAssetsForAction actions unstake happy path: aura 1`] = `917528`;

exports[`aura as adapter parseAssetsForAction actions unstakeAndRedeem happy path: BPT_IN_FOR_EXACT_TOKENS_OUT: aura 1`] = `1248417`;

exports[`balancer as adapter parseAssetsForAction actions lendAndStake happy path: TOKEN_IN_FOR_EXACT_BPT_OUT: balancer 1`] = `1063499`;

exports[`balancer as adapter parseAssetsForAction actions stake happy path: balancer 1`] = `803825`;

exports[`balancer as adapter parseAssetsForAction actions takeOrder happy path: one swap: balancer 1`] = `381631`;

exports[`balancer as adapter parseAssetsForAction actions takeOrder nested composable stable pool lend happy path: with staking: balancer 1`] = `1048000`;

exports[`balancer as adapter parseAssetsForAction actions takeOrder nested composable stable pool lend happy path: without staking: balancer 1`] = `508532`;

exports[`balancer as adapter parseAssetsForAction actions takeOrder nested composable stable pool redeem happy path: with staking: balancer 1`] = `899077`;

exports[`balancer as adapter parseAssetsForAction actions takeOrder nested composable stable pool redeem happy path: without staking: balancer 1`] = `472485`;

exports[`balancer as adapter parseAssetsForAction actions unstake happy path: balancer 1`] = `649414`;

exports[`balancer as adapter parseAssetsForAction actions unstakeAndRedeem happy path: BPT_IN_FOR_EXACT_TOKENS_OUT: balancer 1`] = `970718`;
