// Jest Snapshot v1, https://goo.gl/fbAQLP

exports[`aaveV2 as list addValidatedItemsToList happy path: aaveV2 1`] = `100902`;
